[2026-08-19 01:04:37] === 시작: total=5 prefix=hero-media ===
[2026-08-19 01:04:39] 로그인 시도...
[2026-08-19 01:04:40] 로그인 완료
[2026-08-19 01:04:40] ▶ hero-media-ma-hub-afternoon
[2026-08-19 01:05:22]   저장 (2108158 bytes)
[2026-08-19 01:05:28]   HA scp OK
[2026-08-19 01:05:32]   TOD fanout OK (hero-media-ma-hub)
[2026-08-19 01:05:34] ▶ hero-media-shield-tv-living-afternoon
[2026-08-19 01:06:07]   저장 (1637300 bytes)
[2026-08-19 01:06:13]   HA scp OK
[2026-08-19 01:06:17]   TOD fanout OK (hero-media-shield-tv-living)
[2026-08-19 01:06:19] ▶ hero-media-samsung-tv-living-afternoon
[2026-08-19 01:06:48]   저장 (1585690 bytes)
[2026-08-19 01:06:54]   HA scp OK
[2026-08-19 01:06:58]   TOD fanout OK (hero-media-samsung-tv-living)
[2026-08-19 01:07:00] ▶ hero-media-google-tv-bedroom-afternoon
[2026-08-19 01:07:33]   저장 (1679367 bytes)
[2026-08-19 01:07:40]   HA scp OK
[2026-08-19 01:07:43]   TOD fanout OK (hero-media-google-tv-bedroom)
[2026-08-19 01:07:45] ▶ hero-media-speaker-nowplaying-afternoon
[2026-08-19 01:08:18]   저장 (1822903 bytes)
[2026-08-19 01:08:25]   HA scp OK
[2026-08-19 01:08:28]   TOD fanout OK (hero-media-speaker-nowplaying)
[2026-08-19 01:08:30] === 완료: success=5/5 failed=[] ===
